
> premium-portfolio@0.1.0 build
> next build

   Ôû▓ Next.js 15.5.18

   Creating an optimized production build ...
node.exe : Failed to compile.
No linha:1 caractere:1
+ & "C:\Program Files\nodejs/node.exe" "C:\Program Files\nodejs/node_mo ...
+ ~~~~~~~~~~~~~~~~~~~~~~~~~~~~~~~~~~~~~~~~~~~~~~~~~~~~~~~~~~~~~~~~~~~~~
    + CategoryInfo          : NotSpecified: (Failed to compile.:String) [], Re 
   moteException
    + FullyQualifiedErrorId : NativeCommandError
 

./src/components/sections/Hero.tsx
Error:   [31mx[0m Expected '</', got 'className'
     ,-[[36;1;4mC:\Users\barro\Desktop\portifolio-main\src\components\sections
\Hero.tsx[0m:130:1]
 [2m127[0m |           </motion.div>
 [2m128[0m | 
 [2m129[0m |           <motion.div
 [2m130[0m |             className="flex items-center gap-2 text-xs 
uppercase tracking-[0.28em] text-muted"
     : [35;1m            ^^^^^^^^^[0m
 [2m131[0m |             variants={itemVariants}
 [2m132[0m |           >
 [2m132[0m |             <span className="inline-flex h-2 w-2 rounded-full 
bg-accent shadow-glow-sm" />
     `----

Caused by:
    Syntax Error

Import trace for requested module:
./src/components/sections/Hero.tsx
./src/app/page.tsx

./src/components/sections/Projects.tsx
Error:   [31mx[0m Merge conflict marker encountered.
    ,-[[36;1;4mC:\Users\barro\Desktop\portifolio-main\src\components\sections\
Projects.tsx[0m:44:1]
 [2m41[0m | 
 [2m42[0m | export const ProjectsSection = () => {
 [2m43[0m |   const prefersReducedMotion = usePrefersReducedMotion();
 [2m44[0m | <<<<<<< HEAD
    : [35;1m^^^^^^^[0m
 [2m45[0m | =======
 [2m46[0m |   const [featuredImageError, setFeaturedImageError] = 
useState(false);
 [2m46[0m | >>>>>>> 444835e4a34f5afb31fcba663da9a24c5979c93e
    `----
  [31mx[0m Merge conflict marker encountered.
    ,-[[36;1;4mC:\Users\barro\Desktop\portifolio-main\src\components\sections\
Projects.tsx[0m:45:1]
 [2m42[0m | export const ProjectsSection = () => {
 [2m43[0m |   const prefersReducedMotion = usePrefersReducedMotion();
 [2m44[0m | <<<<<<< HEAD
 [2m45[0m | =======
    : [35;1m^^^^^^^[0m
 [2m46[0m |   const [featuredImageError, setFeaturedImageError] = 
useState(false);
 [2m47[0m | >>>>>>> 444835e4a34f5afb31fcba663da9a24c5979c93e
 [2m47[0m |   const [featuredDetailsOpen, setFeaturedDetailsOpen] = 
useState(false);
    `----
  [31mx[0m Merge conflict marker encountered.
    ,-[[36;1;4mC:\Users\barro\Desktop\portifolio-main\src\components\sections\
Projects.tsx[0m:47:1]
 [2m44[0m | <<<<<<< HEAD
 [2m45[0m | =======
 [2m46[0m |   const [featuredImageError, setFeaturedImageError] = 
useState(false);
 [2m47[0m | >>>>>>> 444835e4a34f5afb31fcba663da9a24c5979c93e
    : [35;1m^^^^^^^[0m
 [2m48[0m |   const [featuredDetailsOpen, setFeaturedDetailsOpen] = 
useState(false);
 [2m49[0m |   const [featuredTechOpen, setFeaturedTechOpen] = 
useState(false);
 [2m49[0m |   const [expandedProject, setExpandedProject] = useState<string 
| null>(null);
    `----
  [31mx[0m Expression expected
     ,-[[36;1;4mC:\Users\barro\Desktop\portifolio-main\src\components\sections
\Projects.tsx[0m:267:1]
 [2m264[0m |           viewport={{ once: true, amount: 0.15 }}
 [2m265[0m |           className="flex flex-col gap-8"
 [2m266[0m |         >
 [2m267[0m | <<<<<<< HEAD
     : [35;1m ^^[0m
 [2m268[0m |           {/* Featured Project - Totem IA */}
 [2m269[0m | =======
 [2m269[0m |           {/* Featured Project */}
     `----
  [31mx[0m Expression expected
     ,-[[36;1;4mC:\Users\barro\Desktop\portifolio-main\src\components\sections
\Projects.tsx[0m:267:1]
 [2m264[0m |           viewport={{ once: true, amount: 0.15 }}
 [2m265[0m |           className="flex flex-col gap-8"
 [2m266[0m |         >
 [2m267[0m | <<<<<<< HEAD
     : [35;1m   ^^[0m
 [2m268[0m |           {/* Featured Project - Totem IA */}
 [2m269[0m | =======
 [2m269[0m |           {/* Featured Project */}
     `----
  [31mx[0m Expression expected
     ,-[[36;1;4mC:\Users\barro\Desktop\portifolio-main\src\components\sections
\Projects.tsx[0m:267:1]
 [2m264[0m |           viewport={{ once: true, amount: 0.15 }}
 [2m265[0m |           className="flex flex-col gap-8"
 [2m266[0m |         >
 [2m267[0m | <<<<<<< HEAD
     : [35;1m     ^^[0m
 [2m268[0m |           {/* Featured Project - Totem IA */}
 [2m269[0m | =======
 [2m269[0m |           {/* Featured Project */}
     `----
  [31mx[0m Merge conflict marker encountered.
     ,-[[36;1;4mC:\Users\barro\Desktop\portifolio-main\src\components\sections
\Projects.tsx[0m:269:1]
 [2m266[0m |         >
 [2m267[0m | <<<<<<< HEAD
 [2m268[0m |           {/* Featured Project - Totem IA */}
 [2m269[0m | =======
     : [35;1m^^^^^^^[0m
 [2m270[0m |           {/* Featured Project */}
 [2m271[0m | >>>>>>> 444835e4a34f5afb31fcba663da9a24c5979c93e
 [2m271[0m |           <motion.div variants={revealVariants}>
     `----
  [31mx[0m Merge conflict marker encountered.
     ,-[[36;1;4mC:\Users\barro\Desktop\portifolio-main\src\components\sections
\Projects.tsx[0m:271:1]
 [2m268[0m |           {/* Featured Project - Totem IA */}
 [2m269[0m | =======
 [2m270[0m |           {/* Featured Project */}
 [2m271[0m | >>>>>>> 444835e4a34f5afb31fcba663da9a24c5979c93e
     : [35;1m^^^^^^^[0m
 [2m272[0m |           <motion.div variants={revealVariants}>
 [2m273[0m |             <div className="group relative">
 [2m273[0m |               <div className="pointer-events-none absolute 
-inset-8 rounded-3xl 
bg-[radial-gradient(circle_at_top,rgb(14_165_233/0.45),transparent_70%)] 
opacity-0 blur-3xl transition-opacity duration-500 group-hover:opacity-100" />
     `----
  [31mx[0m Expression expected
     ,-[[36;1;4mC:\Users\barro\Desktop\portifolio-main\src\components\sections
\Projects.tsx[0m:277:1]
 [2m274[0m |               <div className="pointer-events-none absolute 
-inset-8 rounded-3xl 
bg-[radial-gradient(circle_at_top,rgb(14_165_233/0.45),transparent_70%)] 
opacity-0 blur-3xl transition-opacity duration-500 group-hover:opacity-100" />
 [2m275[0m |               <div className="pointer-events-none absolute 
-inset-px rounded-2xl bg-gradient-to-r from-cyan-400/40 via-blue-500/40 
to-indigo-400/40 opacity-0 blur transition-opacity duration-500 
group-hover:opacity-100" />
 [2m276[0m |               <GlassCard className="relative overflow-hidden 
p-6 sm:p-8 lg:p-10">
 [2m277[0m | <<<<<<< HEAD
     : [35;1m ^^[0m
 [2m278[0m |                 <div className="flex flex-col gap-8">
 [2m279[0m |                   {/* Header Section */}
 [2m279[0m |                   <motion.div
     `----
  [31mx[0m Expression expected
     ,-[[36;1;4mC:\Users\barro\Desktop\portifolio-main\src\components\sections
\Projects.tsx[0m:277:1]
 [2m274[0m |               <div className="pointer-events-none absolute 
-inset-8 rounded-3xl 
bg-[radial-gradient(circle_at_top,rgb(14_165_233/0.45),transparent_70%)] 
opacity-0 blur-3xl transition-opacity duration-500 group-hover:opacity-100" />
 [2m275[0m |               <div className="pointer-events-none absolute 
-inset-px rounded-2xl bg-gradient-to-r from-cyan-400/40 via-blue-500/40 
to-indigo-400/40 opacity-0 blur transition-opacity duration-500 
group-hover:opacity-100" />
 [2m276[0m |               <GlassCard className="relative overflow-hidden 
p-6 sm:p-8 lg:p-10">
 [2m277[0m | <<<<<<< HEAD
     : [35;1m   ^^[0m
 [2m278[0m |                 <div className="flex flex-col gap-8">
 [2m279[0m |                   {/* Header Section */}
 [2m279[0m |                   <motion.div
     `----

Caused by:
    Syntax Error

Import trace for requested module:
./src/components/sections/Projects.tsx
./src/app/page.tsx

./src/components/sections/TechStack.tsx
Error:   [31mx[0m Unterminated regexp literal
     ,-[[36;1;4mC:\Users\barro\Desktop\portifolio-main\src\components\sections
\TechStack.tsx[0m:150:1]
 [2m147[0m |             );
 [2m148[0m |           })}
 [2m149[0m |         </motion.div>
 [2m150[0m |       </SectionContainer>
     : [35;1m       ^^^^^^^^^^^^^^^^^^[0m
 [2m151[0m |     </section>
 [2m152[0m |   );
 [2m152[0m | };
     `----

Caused by:
    Syntax Error

Import trace for requested module:
./src/components/sections/TechStack.tsx
./src/app/page.tsx


> Build failed because of webpack errors
